FreeRTOS_IP.c:175:19:vCastPointerTo_NetworkBufferDescriptor_t	16	static
FreeRTOS_IP.c:374:13:prvIPTask	48	static
FreeRTOS_IP.c:637:12:xIsCallingFromIPTask	16	static
FreeRTOS_IP.c:660:14:FreeRTOS_GetIPTaskHandle	4	static
FreeRTOS_IP.c:672:13:prvHandleEthernetPacket	16	static
FreeRTOS_IP.c:717:19:prvCalculateSleepTime	16	static
FreeRTOS_IP.c:774:13:prvCheckNetworkTimers	24	static
FreeRTOS_IP.c:853:13:prvIPTimerStart	16	static
FreeRTOS_IP.c:878:13:prvIPTimerReload	16	static
FreeRTOS_IP.c:893:19:prvIPTimerCheck	24	static
FreeRTOS_IP.c:934:6:FreeRTOS_NetworkDown	16	static
FreeRTOS_IP.c:963:12:FreeRTOS_NetworkDownFromISR	16	static
FreeRTOS_IP.c:994:8:FreeRTOS_GetUDPPayloadBuffer	32	static
FreeRTOS_IP.c:1036:29:pxDuplicateNetworkBufferWithDescriptor	24	static
FreeRTOS_IP.c:1071:36:prvPacketBuffer_to_NetworkBuffer	24	static
FreeRTOS_IP.c:1134:29:pxUDPPayloadBuffer_to_NetworkBuffer	16	static
FreeRTOS_IP.c:1145:6:FreeRTOS_ReleaseUDPPayloadBuffer	16	static
FreeRTOS_IP.c:1169:12:FreeRTOS_IPInit	72	static,ignoring_inline_asm
FreeRTOS_IP.c:1319:6:FreeRTOS_GetAddressConfiguration	24	static
FreeRTOS_IP.c:1357:6:FreeRTOS_SetAddressConfiguration	24	static
FreeRTOS_IP.c:1490:12:xSendEventToIPTask	32	static
FreeRTOS_IP.c:1510:12:xSendEventStructToIPTask	32	static
FreeRTOS_IP.c:1604:26:eConsiderFrameForProcessing	32	static
FreeRTOS_IP.c:1662:13:prvProcessNetworkDownEvent	8	static
FreeRTOS_IP.c:1720:6:vIPNetworkUpCalls	8	static
FreeRTOS_IP.c:1750:13:prvProcessEthernetPacket	32	static,ignoring_inline_asm
FreeRTOS_IP.c:1856:12:xIsIPv4Multicast	24	static
FreeRTOS_IP.c:1880:6:vSetMultiCastIPv4MacAddress	24	static
FreeRTOS_IP.c:1903:33:prvAllowIPPacket	40	static
FreeRTOS_IP.c:2065:33:prvProcessIPPacket	72	static
FreeRTOS_IP.c:2298:37:prvProcessICMPEchoRequest	24	static
FreeRTOS_IP.c:2361:37:prvProcessICMPPacket	32	static,ignoring_inline_asm
FreeRTOS_IP.c:2417:23:xCheckSizeFields	56	static
FreeRTOS_IP.c:2560:10:usGenerateProtocolChecksum	56	static
FreeRTOS_IP.c:2921:10:usGenerateChecksum	64	static
FreeRTOS_IP.c:3075:6:vReturnEthernetFrame	32	static
FreeRTOS_IP.c:3168:10:vPrintResourceStats	16	static
FreeRTOS_IP.c:3239:10:FreeRTOS_GetIPAddress	4	static
FreeRTOS_IP.c:3250:6:FreeRTOS_SetIPAddress	16	static
FreeRTOS_IP.c:3262:10:FreeRTOS_GetGatewayAddress	4	static
FreeRTOS_IP.c:3273:10:FreeRTOS_GetDNSServerAddress	4	static
FreeRTOS_IP.c:3284:10:FreeRTOS_GetNetmask	4	static
FreeRTOS_IP.c:3295:6:FreeRTOS_UpdateMACAddress	16	static
FreeRTOS_IP.c:3307:17:FreeRTOS_GetMACAddress	4	static
FreeRTOS_IP.c:3318:6:FreeRTOS_SetNetmask	16	static
FreeRTOS_IP.c:3329:6:FreeRTOS_SetGatewayAddress	16	static
FreeRTOS_IP.c:3411:12:xIPIsNetworkTaskReady	4	static
FreeRTOS_IP.c:3422:12:FreeRTOS_IsNetworkUp	4	static
FreeRTOS_IP.c:3452:14:FreeRTOS_strerror_r	32	static
FreeRTOS_IP.c:3548:9:FreeRTOS_max_int32	16	static
FreeRTOS_IP.c:3561:10:FreeRTOS_max_uint32	16	static
FreeRTOS_IP.c:3574:9:FreeRTOS_min_int32	16	static
FreeRTOS_IP.c:3587:10:FreeRTOS_min_uint32	16	static
FreeRTOS_IP.c:3600:10:FreeRTOS_round_up	16	static
FreeRTOS_IP.c:3613:10:FreeRTOS_round_down	16	static
FreeRTOS_IP.c:3636:1:vCastPointerTo_EthernetHeader_t	16	static
FreeRTOS_IP.c:3645:1:vCastConstPointerTo_EthernetHeader_t	16	static
FreeRTOS_IP.c:3654:1:vCastPointerTo_IPHeader_t	16	static
FreeRTOS_IP.c:3663:1:vCastConstPointerTo_IPHeader_t	16	static
FreeRTOS_IP.c:3672:1:vCastPointerTo_ICMPHeader_t	16	static
FreeRTOS_IP.c:3681:1:vCastConstPointerTo_ICMPHeader_t	16	static
FreeRTOS_IP.c:3690:1:vCastPointerTo_ARPPacket_t	16	static
FreeRTOS_IP.c:3699:1:vCastConstPointerTo_ARPPacket_t	16	static
FreeRTOS_IP.c:3708:1:vCastPointerTo_IPPacket_t	16	static
FreeRTOS_IP.c:3717:1:vCastConstPointerTo_IPPacket_t	16	static
FreeRTOS_IP.c:3726:1:vCastPointerTo_ICMPPacket_t	16	static
FreeRTOS_IP.c:3735:1:vCastPointerTo_UDPPacket_t	16	static
FreeRTOS_IP.c:3744:1:vCastConstPointerTo_UDPPacket_t	16	static
FreeRTOS_IP.c:3753:1:vCastPointerTo_TCPPacket_t	16	static
FreeRTOS_IP.c:3762:1:vCastConstPointerTo_TCPPacket_t	16	static
FreeRTOS_IP.c:3771:1:vCastPointerTo_ProtocolPacket_t	16	static
FreeRTOS_IP.c:3780:1:vCastConstPointerTo_ProtocolPacket_t	16	static
FreeRTOS_IP.c:3789:1:vCastPointerTo_ProtocolHeaders_t	16	static
FreeRTOS_IP.c:3798:1:vCastConstPointerTo_ProtocolHeaders_t	16	static
FreeRTOS_IP.c:3807:1:vCastPointerTo_FreeRTOS_Socket_t	16	static
FreeRTOS_IP.c:3816:1:vCastConstPointerTo_FreeRTOS_Socket_t	16	static
FreeRTOS_IP.c:3827:5:vCastPointerTo_SocketSelect_t	16	static
FreeRTOS_IP.c:3836:5:vCastConstPointerTo_SocketSelect_t	16	static
FreeRTOS_IP.c:3845:5:vCastPointerTo_SocketSelectMessage_t	16	static
FreeRTOS_IP.c:3854:5:vCastConstPointerTo_SocketSelectMessage_t	16	static
FreeRTOS_IP.c:3871:10:ulChar2u32	16	static
FreeRTOS_IP.c:3889:10:usChar2u16	16	static
