FreeRTOS_TCP_WIN.c:69:23:vCastPointerTo_TCPSegment_t	16	static
FreeRTOS_TCP_WIN.c:249:38:xSequenceLessThanOrEqual	24	static
FreeRTOS_TCP_WIN.c:280:16:xSequenceLessThan	24	static
FreeRTOS_TCP_WIN.c:308:16:xSequenceGreaterThan	24	static
FreeRTOS_TCP_WIN.c:340:34:xSequenceGreaterThanOrEqual	24	static
FreeRTOS_TCP_WIN.c:369:32:vListInsertFifo	16	static
FreeRTOS_TCP_WIN.c:384:28:vTCPTimerSet	16	static
FreeRTOS_TCP_WIN.c:399:32:ulTimerGetAge	16	static
FreeRTOS_TCP_WIN.c:412:17:vListInsertGeneric	24	static
FreeRTOS_TCP_WIN.c:438:27:prvCreateSectors	16	static
FreeRTOS_TCP_WIN.c:489:31:xTCPWindowRxFind	32	static
FreeRTOS_TCP_WIN.c:531:31:xTCPWindowNew	40	static,ignoring_inline_asm
FreeRTOS_TCP_WIN.c:608:20:xTCPWindowRxEmpty	24	static
FreeRTOS_TCP_WIN.c:652:31:xTCPWindowGetHead	24	static
FreeRTOS_TCP_WIN.c:685:31:xTCPWindowPeekHead	24	static
FreeRTOS_TCP_WIN.c:714:21:vTCPWindowFree	16	static
FreeRTOS_TCP_WIN.c:750:14:vTCPWindowDestroy	32	static
FreeRTOS_TCP_WIN.c:796:10:vTCPWindowCreate	24	static
FreeRTOS_TCP_WIN.c:842:10:vTCPWindowInit	32	static
FreeRTOS_TCP_WIN.c:904:14:vTCPSegmentCleanup	8	static
FreeRTOS_TCP_WIN.c:946:31:xTCPWindowRxConfirm	48	static
FreeRTOS_TCP_WIN.c:1016:17:lTCPWindowRxCheck	56	static
FreeRTOS_TCP_WIN.c:1271:24:lTCPIncrementTxPosition	32	static
FreeRTOS_TCP_WIN.c:1306:17:lTCPWindowTxAdd	48	static
FreeRTOS_TCP_WIN.c:1441:20:xTCPWindowTxDone	16	static
FreeRTOS_TCP_WIN.c:1459:27:prvTCPWindowTxHasSpace	32	static
FreeRTOS_TCP_WIN.c:1530:20:xTCPWindowTxHasData	40	static
FreeRTOS_TCP_WIN.c:1618:18:ulTCPWindowTxGet	48	static,ignoring_inline_asm
FreeRTOS_TCP_WIN.c:1805:25:prvTCPWindowTxCheckAck	56	static
FreeRTOS_TCP_WIN.c:1968:25:prvTCPWindowFastRetransmit	32	static
FreeRTOS_TCP_WIN.c:2043:18:ulTCPWindowTxAck	24	static
FreeRTOS_TCP_WIN.c:2079:18:ulTCPWindowTxSack	32	static
