FreeRTOS_Sockets.c:117:19:vCastPointerTo_NetworkBufferDescriptor_t	16	static
FreeRTOS_Sockets.c:128:19:vCastPointerTo_StreamBuffer_t	16	static
FreeRTOS_Sockets.c:258:19:prvValidSocket	32	static
FreeRTOS_Sockets.c:290:6:vNetworkSocketsInit	8	static
FreeRTOS_Sockets.c:314:19:prvDetermineSocketSize	56	static,ignoring_inline_asm
FreeRTOS_Sockets.c:390:10:FreeRTOS_socket	40	static
FreeRTOS_Sockets.c:514:17:FreeRTOS_CreateSocketSet	16	static
FreeRTOS_Sockets.c:550:10:FreeRTOS_DeleteSocketSet	24	static
FreeRTOS_Sockets.c:577:10:FreeRTOS_FD_SET	40	static,ignoring_inline_asm
FreeRTOS_Sockets.c:618:10:FreeRTOS_FD_CLR	40	static,ignoring_inline_asm
FreeRTOS_Sockets.c:656:17:FreeRTOS_FD_ISSET	32	static,ignoring_inline_asm
FreeRTOS_Sockets.c:697:16:FreeRTOS_select	48	static,ignoring_inline_asm
FreeRTOS_Sockets.c:762:17:prvFindSelectedSocket	32	static
FreeRTOS_Sockets.c:832:9:FreeRTOS_recvfrom	80	static
FreeRTOS_Sockets.c:1026:9:FreeRTOS_sendto	72	static,ignoring_inline_asm
FreeRTOS_Sockets.c:1192:12:FreeRTOS_bind	56	static,ignoring_inline_asm
FreeRTOS_Sockets.c:1273:12:vSocketBind	56	static,ignoring_inline_asm
FreeRTOS_Sockets.c:1424:12:FreeRTOS_closesocket	32	static
FreeRTOS_Sockets.c:1492:8:vSocketClose	24	static
FreeRTOS_Sockets.c:1604:17:prvTCPSetSocketCount	32	static
FreeRTOS_Sockets.c:1672:23:prvSockopt_so_buffer	32	static
FreeRTOS_Sockets.c:1732:12:FreeRTOS_setsockopt	40	static
FreeRTOS_Sockets.c:2106:17:prvGetPrivatePortNumber	32	static
FreeRTOS_Sockets.c:2175:27:pxListFindListItemWithValue	32	static
FreeRTOS_Sockets.c:2210:21:pxUDPSocketLookup	32	static,ignoring_inline_asm
FreeRTOS_Sockets.c:2248:14:FreeRTOS_inet_ntoa	56	static
FreeRTOS_Sockets.c:2333:12:FreeRTOS_inet_pton	32	static
FreeRTOS_Sockets.c:2370:14:FreeRTOS_inet_ntop	32	static
FreeRTOS_Sockets.c:2407:14:FreeRTOS_inet_ntop4	40	static
FreeRTOS_Sockets.c:2442:12:FreeRTOS_inet_pton4	56	static
FreeRTOS_Sockets.c:2566:10:FreeRTOS_inet_addr	24	static
FreeRTOS_Sockets.c:2591:8:FreeRTOS_GetLocalAddress	24	static
FreeRTOS_Sockets.c:2612:6:vSocketWakeUpUser	24	static
FreeRTOS_Sockets.c:2702:23:bMayConnect	24	static
FreeRTOS_Sockets.c:2750:23:prvTCPConnectStart	24	static
FreeRTOS_Sockets.c:2836:16:FreeRTOS_connect	56	static
FreeRTOS_Sockets.c:2923:14:FreeRTOS_accept	72	static
FreeRTOS_Sockets.c:3065:16:FreeRTOS_recv	72	static
FreeRTOS_Sockets.c:3275:20:prvTCPSendCheck	24	static
FreeRTOS_Sockets.c:3339:15:FreeRTOS_get_tx_head	40	static
FreeRTOS_Sockets.c:3392:16:FreeRTOS_send	72	static
FreeRTOS_Sockets.c:3589:16:FreeRTOS_listen	24	static
FreeRTOS_Sockets.c:3660:16:FreeRTOS_shutdown	24	static
FreeRTOS_Sockets.c:3710:16:xTCPTimerCheck	48	static
FreeRTOS_Sockets.c:3806:25:pxTCPSocketLookup	48	static
FreeRTOS_Sockets.c:3869:35:FreeRTOS_get_rx_buf	24	static
FreeRTOS_Sockets.c:3898:29:prvTCPCreateStream	32	static
FreeRTOS_Sockets.c:3986:13:lTCPAddRxdata	40	static
FreeRTOS_Sockets.c:4133:16:FreeRTOS_GetRemoteAddress	24	static
FreeRTOS_Sockets.c:4174:16:FreeRTOS_maywrite	24	static
FreeRTOS_Sockets.c:4220:16:FreeRTOS_tx_space	24	static
FreeRTOS_Sockets.c:4258:16:FreeRTOS_tx_size	24	static
FreeRTOS_Sockets.c:4295:16:FreeRTOS_issocketconnected	24	static
FreeRTOS_Sockets.c:4331:16:FreeRTOS_mss	24	static
FreeRTOS_Sockets.c:4367:16:FreeRTOS_connstatus	24	static
FreeRTOS_Sockets.c:4399:16:FreeRTOS_rx_size	24	static
FreeRTOS_Sockets.c:4431:12:xSocketValid	24	static
FreeRTOS_Sockets.c:4485:10:FreeRTOS_netstat	16	static
FreeRTOS_Sockets.c:4505:10:vTCPNetStat	80	static,ignoring_inline_asm
FreeRTOS_Sockets.c:4592:10:vSocketSelect	56	static
