main.c:113:5:main	8	static,ignoring_inline_asm
main.c:196:6:SystemClock_Config	120	static
main.c:303:13:MX_RNG_Init	8	static
main.c:330:13:MX_GPIO_Init	48	static
main.c:364:13:pcApplicationHostnameHook	4	static
main.c:369:10:ulApplicationGetNextSequenceNumber	24	static
main.c:377:6:vApplicationIPNetworkEventHook	16	static
main.c:398:12:xApplicationGetRandomNumber	16	static
main.c:414:6:StartDefaultTask	208	static,ignoring_inline_asm
main.c:545:6:MPU_Config	24	static
main.c:590:6:HAL_TIM_PeriodElapsedCallback	16	static
main.c:608:6:Error_Handler	4	static,ignoring_inline_asm
