NetworkInterface.c:191:18:pucGetRXBuffer	32	static
NetworkInterface.c:208:12:xNetworkInterfaceInitialise	40	static,ignoring_inline_asm
NetworkInterface.c:328:12:xGetPhyLinkStatus	16	static
NetworkInterface.c:345:12:xNetworkInterfaceOutput	48	static,ignoring_inline_asm
NetworkInterface.c:441:13:prvMACBProbePhy	8	static
NetworkInterface.c:454:13:prvEthernetUpdateConfig	128	static
NetworkInterface.c:516:19:prvNetworkInterfaceInput	56	static
NetworkInterface.c:692:16:ETH_PHY_IO_ReadReg	32	static
NetworkInterface.c:714:16:ETH_PHY_IO_WriteReg	32	static
NetworkInterface.c:739:6:ETH_IRQHandler	8	static
NetworkInterface.c:745:13:prvSetFlagsAndNotify	24	static,ignoring_inline_asm
NetworkInterface.c:762:6:HAL_ETH_TxCpltCallback	16	static
NetworkInterface.c:769:6:HAL_ETH_RxCpltCallback	16	static
NetworkInterface.c:776:6:HAL_ETH_DMAErrorCallback	16	static
NetworkInterface.c:793:6:vNetworkInterfaceAllocateRAMToBuffers	24	static
NetworkInterface.c:807:13:vClearOptionBit	16	static
NetworkInterface.c:816:15:uxGetOwnCount	32	static
NetworkInterface.c:838:13:prvEMACHandlerTask	40	static
